#
# There is insufficient memory for the Java Runtime Environment to continue.
# Native memory allocation (malloc) failed to allocate 437696 bytes. Error detail: Chunk::new
# Possible reasons:
#   The system is out of physical RAM or swap space
#   This process is running with CompressedOops enabled, and the Java Heap may be blocking the growth of the native heap
# Possible solutions:
#   Reduce memory load on the system
#   Increase physical memory or swap space
#   Check if swap backing store is full
#   Decrease Java heap size (-Xmx/-Xms)
#   Decrease number of Java threads
#   Decrease Java thread stack sizes (-Xss)
#   Set larger code cache with -XX:ReservedCodeCacheSize=
#   JVM is running with Unscaled Compressed Oops mode in which the Java heap is
#     placed in the first 4GB address space. The Java Heap base address is the
#     maximum limit for the native heap growth. Please use -XX:HeapBaseMinAddress
#     to set the Java Heap base and to place the Java Heap above 4GB virtual address.
# This output file may be truncated or incomplete.
#
#  Out of Memory Error (arena.cpp:168), pid=24076, tid=18776
#
# JRE version: OpenJDK Runtime Environment Temurin-21.0.10+7 (21.0.10+7) (build 21.0.10+7-LTS)
# Java VM: OpenJDK 64-Bit Server VM Temurin-21.0.10+7 (21.0.10+7-LTS, mixed mode, sharing, tiered, compressed oops, compressed class ptrs, parallel gc, windows-amd64)
# No core dump will be written. Minidumps are not enabled by default on client versions of Windows
#

---------------  S U M M A R Y ------------

Command Line: --add-modules=ALL-SYSTEM --add-opens=java.base/java.util=ALL-UNNAMED --add-opens=java.base/java.lang=ALL-UNNAMED --add-opens=java.base/sun.nio.fs=ALL-UNNAMED -Declipse.application=org.eclipse.jdt.ls.core.id1 -Dosgi.bundles.defaultStartLevel=4 -Declipse.product=org.eclipse.jdt.ls.core.product -Djava.import.generatesMetadataFilesAtProjectRoot=false -DDetectVMInstallationsJob.disabled=true -Dfile.encoding=utf8 -XX:+UseParallelGC -XX:GCTimeRatio=4 -XX:AdaptiveSizePolicyWeight=90 -Dsun.zip.disableMemoryMapping=true -Xmx2G -Xms100m -Xlog:disable -javaagent:c:\Users\ASUS\.antigravity-ide\extensions\redhat.java-1.54.0-win32-x64\lombok\lombok-1.18.39-4050.jar c:\Users\ASUS\.antigravity-ide\extensions\redhat.java-1.54.0-win32-x64\server\plugins\org.eclipse.equinox.launcher_1.7.100.v20251111-0406.jar -configuration c:\Users\ASUS\AppData\Roaming\Antigravity IDE\User\globalStorage\redhat.java\1.54.0\config_ss_win -data c:\Users\ASUS\AppData\Roaming\Antigravity IDE\User\workspaceStorage\ca9e3b30595b283cc7b8fcc8f79914b2\redhat.java\ss_ws --pipe=\\.\pipe\lsp-203aab1f506e52f78b42e3a47f80fc2c-sock

Host: 11th Gen Intel(R) Core(TM) i5-11400H @ 2.70GHz, 12 cores, 15G,  Windows 11 , 64 bit Build 26100 (10.0.26100.8328)
Time: Tue Jun  2 11:49:05 2026 SE Asia Standard Time elapsed time: 2.031826 seconds (0d 0h 0m 2s)

---------------  T H R E A D  ---------------

Current thread (0x000002992132e1f0):  JavaThread "C2 CompilerThread0" daemon [_thread_in_native, id=18776, stack(0x000000cec5300000,0x000000cec5400000) (1024K)]


Current CompileTask:
C2:2031 1355       4       lombok.launch.PackageShader::apply (252 bytes)

Stack: [0x000000cec5300000,0x000000cec5400000]
Native frames: (J=compiled Java code, j=interpreted, Vv=VM code, C=native code)
V  [jvm.dll+0x6d7a39]
V  [jvm.dll+0x8b4b26]
V  [jvm.dll+0x8b70de]
V  [jvm.dll+0x8b77c3]
V  [jvm.dll+0x284346]
V  [jvm.dll+0xc66ed]
V  [jvm.dll+0xc6c31]
V  [jvm.dll+0x2fb29e]
V  [jvm.dll+0x5fe884]
V  [jvm.dll+0x255b17]
V  [jvm.dll+0x255edd]
V  [jvm.dll+0x24e500]
V  [jvm.dll+0x24ba42]
V  [jvm.dll+0x1cb34e]
V  [jvm.dll+0x25b85d]
V  [jvm.dll+0x259dea]
V  [jvm.dll+0x3f857e]
V  [jvm.dll+0x85f59d]
V  [jvm.dll+0x6d626d]
C  [ucrtbase.dll+0x37b0]
C  [KERNEL32.DLL+0x2e957]
C  [ntdll.dll+0x427c]


---------------  P R O C E S S  ---------------

Threads class SMR info:
_java_thread_list=0x000002997a38ad30, length=13, elements={
0x000002992126f820, 0x00000299213133c0, 0x000002992121d890, 0x0000029921318ad0,
0x0000029921319530, 0x000002992131d160, 0x00000299213244d0, 0x000002992132e1f0,
0x000002997a034d90, 0x000002997a1c64a0, 0x000002997a399060, 0x000002997a035460,
0x000002997a037670
}

Java Threads: ( => current thread )
  0x000002992126f820 JavaThread "main"                              [_thread_in_vm, id=23296, stack(0x000000cec4900000,0x000000cec4a00000) (1024K)]
  0x00000299213133c0 JavaThread "Reference Handler"          daemon [_thread_blocked, id=5956, stack(0x000000cec4d00000,0x000000cec4e00000) (1024K)]
  0x000002992121d890 JavaThread "Finalizer"                  daemon [_thread_blocked, id=9016, stack(0x000000cec4e00000,0x000000cec4f00000) (1024K)]
  0x0000029921318ad0 JavaThread "Signal Dispatcher"          daemon [_thread_blocked, id=7668, stack(0x000000cec4f00000,0x000000cec5000000) (1024K)]
  0x0000029921319530 JavaThread "Attach Listener"            daemon [_thread_blocked, id=4712, stack(0x000000cec5000000,0x000000cec5100000) (1024K)]
  0x000002992131d160 JavaThread "Service Thread"             daemon [_thread_blocked, id=23796, stack(0x000000cec5100000,0x000000cec5200000) (1024K)]
  0x00000299213244d0 JavaThread "Monitor Deflation Thread"   daemon [_thread_blocked, id=16604, stack(0x000000cec5200000,0x000000cec5300000) (1024K)]
=>0x000002992132e1f0 JavaThread "C2 CompilerThread0"         daemon [_thread_in_native, id=18776, stack(0x000000cec5300000,0x000000cec5400000) (1024K)]
  0x000002997a034d90 JavaThread "C1 CompilerThread0"         daemon [_thread_blocked, id=20716, stack(0x000000cec5400000,0x000000cec5500000) (1024K)]
  0x000002997a1c64a0 JavaThread "Common-Cleaner"             daemon [_thread_blocked, id=19112, stack(0x000000cec5500000,0x000000cec5600000) (1024K)]
  0x000002997a399060 JavaThread "Notification Thread"        daemon [_thread_blocked, id=23160, stack(0x000000cec5700000,0x000000cec5800000) (1024K)]
  0x000002997a035460 JavaThread "C2 CompilerThread1"         daemon [_thread_blocked, id=7648, stack(0x000000cec5600000,0x000000cec5700000) (1024K)]
  0x000002997a037670 JavaThread "C2 CompilerThread2"         daemon [_thread_blocked, id=15088, stack(0x000000cec5e00000,0x000000cec5f00000) (1024K)]
Total: 13

Other Threads:
  0x000002992130ebe0 VMThread "VM Thread"                           [id=5092, stack(0x000000cec4c00000,0x000000cec4d00000) (1024K)]
  0x00000299212de580 WatcherThread "VM Periodic Task Thread"        [id=21056, stack(0x000000cec4b00000,0x000000cec4c00000) (1024K)]
  0x000002992128e560 WorkerThread "GC Thread#0"                     [id=2588, stack(0x000000cec4a00000,0x000000cec4b00000) (1024K)]
  0x000002997f100980 WorkerThread "GC Thread#1"                     [id=16108, stack(0x000000cec5800000,0x000000cec5900000) (1024K)]
  0x000002997f650b70 WorkerThread "GC Thread#2"                     [id=23888, stack(0x000000cec5900000,0x000000cec5a00000) (1024K)]
  0x000002997f2eb560 WorkerThread "GC Thread#3"                     [id=17124, stack(0x000000cec5a00000,0x000000cec5b00000) (1024K)]
  0x000002997f2eb910 WorkerThread "GC Thread#4"                     [id=12896, stack(0x000000cec5b00000,0x000000cec5c00000) (1024K)]
  0x000002997f2ebcc0 WorkerThread "GC Thread#5"                     [id=24060, stack(0x000000cec5c00000,0x000000cec5d00000) (1024K)]
  0x000002997f443380 WorkerThread "GC Thread#6"                     [id=16920, stack(0x000000cec5d00000,0x000000cec5e00000) (1024K)]
Total: 9

Threads with active compile tasks:
C2 CompilerThread0  2057 1355       4       lombok.launch.PackageShader::apply (252 bytes)
Total: 1

VM state: not at safepoint (normal execution)

VM Mutex/Monitor currently owned by a thread:  ([mutex/lock_event])
[0x00007ffe6f64c4e0] Metaspace_lock - owner thread: 0x000002992126f820

Heap address: 0x0000000080000000, size: 2048 MB, Compressed Oops mode: 32-bit

CDS archive(s) mapped at: [0x0000029938000000-0x0000029938ba0000-0x0000029938ba0000), size 12189696, SharedBaseAddress: 0x0000029938000000, ArchiveRelocationMode: 1.
Compressed class space mapped at: 0x0000029939000000-0x0000029979000000, reserved size: 1073741824
Narrow klass base: 0x0000029938000000, Narrow klass shift: 0, Narrow klass range: 0x100000000

GC Precious Log:
 CardTable entry size: 512
 CPUs: 12 total, 12 available
 Memory: 16106M
 Large Page Support: Disabled
 NUMA Support: Disabled
 Compressed Oops: Enabled (32-bit)
 Alignments: Space 512K, Generation 512K, Heap 2M
 Heap Min Capacity: 100M
 Heap Initial Capacity: 100M
 Heap Max Capacity: 2G
 Pre-touch: Disabled
 Parallel Workers: 10

Heap:
 PSYoungGen      total 29696K, used 12549K [0x00000000d5580000, 0x00000000d7680000, 0x0000000100000000)
  eden space 25600K, 36% used [0x00000000d5580000,0x00000000d5e83868,0x00000000d6e80000)
  from space 4096K, 81% used [0x00000000d6e80000,0x00000000d71bde88,0x00000000d7280000)
  to   space 4096K, 0% used [0x00000000d7280000,0x00000000d7280000,0x00000000d7680000)
 ParOldGen       total 68608K, used 16K [0x0000000080000000, 0x0000000084300000, 0x00000000d5580000)
  object space 68608K, 0% used [0x0000000080000000,0x0000000080004000,0x0000000084300000)
 Metaspace       used 6138K, committed 6400K, reserved 1114112K
  class space    used 626K, committed 768K, reserved 1048576K

Card table byte_map: [0x0000029920c10000,0x0000029921020000] _byte_map_base: 0x0000029920810000

Marking Bits: (ParMarkBitMap*) 0x00007ffe6f653450
 Begin Bits: [0x0000029933720000, 0x0000029935720000)
 End Bits:   [0x0000029935720000, 0x0000029937720000)

Polling page: 0x000002991f080000

Metaspace:

Usage:
  Non-class:      5.38 MB used.
      Class:    626.66 KB used.
       Both:      5.99 MB used.

Virtual space:
  Non-class space:       64.00 MB reserved,       5.50 MB (  9%) committed,  1 nodes.
      Class space:        1.00 GB reserved,     768.00 KB ( <1%) committed,  1 nodes.
             Both:        1.06 GB reserved,       6.25 MB ( <1%) committed. 

Chunk freelists:
   Non-Class:  9.98 MB
       Class:  15.08 MB
        Both:  25.06 MB

MaxMetaspaceSize: unlimited
CompressedClassSpaceSize: 1.00 GB
Initial GC threshold: 21.00 MB
Current GC threshold: 21.00 MB
CDS: on
 - commit_granule_bytes: 65536.
 - commit_granule_words: 8192.
 - virtual_space_node_default_size: 8388608.
 - enlarge_chunks_in_place: 1.
 - use_allocation_guard: 0.


Internal statistics:

num_allocs_failed_limit: 0.
num_arena_births: 190.
num_arena_deaths: 0.
num_vsnodes_births: 2.
num_vsnodes_deaths: 0.
num_space_committed: 100.
num_space_uncommitted: 0.
num_chunks_returned_to_freelist: 0.
num_chunks_taken_from_freelist: 315.
num_chunk_merges: 0.
num_chunk_splits: 203.
num_chunks_enlarged: 128.
num_inconsistent_stats: 0.

CodeHeap 'non-profiled nmethods': size=120000Kb used=589Kb max_used=589Kb free=119410Kb
 bounds [0x000002992bf40000, 0x000002992c1b0000, 0x0000029933470000]
CodeHeap 'profiled nmethods': size=120000Kb used=2346Kb max_used=2346Kb free=117653Kb
 bounds [0x0000029924470000, 0x00000299246e0000, 0x000002992b9a0000]
CodeHeap 'non-nmethods': size=5760Kb used=1215Kb max_used=1247Kb free=4544Kb
 bounds [0x000002992b9a0000, 0x000002992bc10000, 0x000002992bf40000]
CodeCache: size=245760Kb, used=4150Kb, max_used=4182Kb, free=241607Kb
 total_blobs=1835, nmethods=1364, adapters=378, full_count=0
Compilation: enabled, stopped_count=0, restarted_count=0

Compilation events (20 events):
Event: 1.991 Thread 0x000002997a034d90 nmethod 1346 0x000002992bfcf010 code [0x000002992bfcf1a0, 0x000002992bfcf268]
Event: 1.991 Thread 0x000002997a034d90 1347       3       java.util.Collections::emptyMap (4 bytes)
Event: 1.991 Thread 0x000002997a034d90 nmethod 1347 0x00000299246ac090 code [0x00000299246ac220, 0x00000299246ac318]
Event: 1.991 Thread 0x000002997a034d90 1348       1       java.util.Collections$EmptyMap::size (2 bytes)
Event: 1.991 Thread 0x000002997a034d90 nmethod 1348 0x000002992bfcf310 code [0x000002992bfcf4a0, 0x000002992bfcf568]
Event: 1.991 Thread 0x000002997a034d90 1350       3       sun.net.www.protocol.jar.Handler::parseURL (173 bytes)
Event: 1.991 Thread 0x000002997a034d90 nmethod 1350 0x00000299246ac390 code [0x00000299246ac640, 0x00000299246ad000]
Event: 1.991 Thread 0x000002997a034d90 1351       3       sun.net.www.protocol.jar.Handler::indexOfBangSlash (52 bytes)
Event: 1.992 Thread 0x000002997a034d90 nmethod 1351 0x00000299246ad490 code [0x00000299246ad700, 0x00000299246ae1a8]
Event: 1.992 Thread 0x000002997a034d90 1352       3       java.net.URLStreamHandler::setURL (159 bytes)
Event: 1.994 Thread 0x000002997a034d90 nmethod 1352 0x00000299246ae610 code [0x00000299246ae9a0, 0x00000299246afe08]
Event: 1.994 Thread 0x000002997a034d90 1353       3       java.util.Base64$Decoder::decodeBlock (186 bytes)
Event: 1.994 Thread 0x000002997a034d90 nmethod 1353 0x00000299246b0710 code [0x00000299246b08e0, 0x00000299246b0d50]
Event: 1.998 Thread 0x000002992132e1f0 nmethod 1342 0x000002992bfcf610 code [0x000002992bfcf920, 0x000002992bfd0658]
Event: 1.998 Thread 0x000002997a035460 nmethod 1349 0x000002992bfd1610 code [0x000002992bfd1860, 0x000002992bfd1f88]
Event: 1.999 Thread 0x000002997a037670 1354       4       java.lang.String::checkBoundsOffCount (10 bytes)
Event: 2.000 Thread 0x000002997a037670 nmethod 1354 0x000002992bfd2910 code [0x000002992bfd2aa0, 0x000002992bfd2b68]
Event: 2.001 Thread 0x000002992132e1f0 1355       4       lombok.launch.PackageShader::apply (252 bytes)
Event: 2.029 Thread 0x000002997a034d90 1356       3       java.net.URL::toString (5 bytes)
Event: 2.030 Thread 0x000002997a034d90 nmethod 1356 0x00000299246b1010 code [0x00000299246b11c0, 0x00000299246b13f8]

GC Heap History (2 events):
Event: 1.149 GC heap before
{Heap before GC invocations=1 (full 0):
 PSYoungGen      total 29696K, used 25600K [0x00000000d5580000, 0x00000000d7680000, 0x0000000100000000)
  eden space 25600K, 100% used [0x00000000d5580000,0x00000000d6e80000,0x00000000d6e80000)
  from space 4096K, 0% used [0x00000000d7280000,0x00000000d7280000,0x00000000d7680000)
  to   space 4096K, 0% used [0x00000000d6e80000,0x00000000d6e80000,0x00000000d7280000)
 ParOldGen       total 68608K, used 0K [0x0000000080000000, 0x0000000084300000, 0x00000000d5580000)
  object space 68608K, 0% used [0x0000000080000000,0x0000000080000000,0x0000000084300000)
 Metaspace       used 4374K, committed 4608K, reserved 1114112K
  class space    used 474K, committed 576K, reserved 1048576K
}
Event: 1.156 GC heap after
{Heap after GC invocations=1 (full 0):
 PSYoungGen      total 29696K, used 3319K [0x00000000d5580000, 0x00000000d7680000, 0x0000000100000000)
  eden space 25600K, 0% used [0x00000000d5580000,0x00000000d5580000,0x00000000d6e80000)
  from space 4096K, 81% used [0x00000000d6e80000,0x00000000d71bde88,0x00000000d7280000)
  to   space 4096K, 0% used [0x00000000d7280000,0x00000000d7280000,0x00000000d7680000)
 ParOldGen       total 68608K, used 16K [0x0000000080000000, 0x0000000084300000, 0x00000000d5580000)
  object space 68608K, 0% used [0x0000000080000000,0x0000000080004000,0x0000000084300000)
 Metaspace       used 4374K, committed 4608K, reserved 1114112K
  class space    used 474K, committed 576K, reserved 1048576K
}

Dll operation events (8 events):
Event: 0.025 Loaded shared library c:\Users\ASUS\.antigravity-ide\extensions\redhat.java-1.54.0-win32-x64\jre\21.0.10-win32-x86_64\bin\java.dll
Event: 0.092 Loaded shared library c:\Users\ASUS\.antigravity-ide\extensions\redhat.java-1.54.0-win32-x64\jre\21.0.10-win32-x86_64\bin\zip.dll
Event: 0.115 Loaded shared library C:\Users\ASUS\.antigravity-ide\extensions\redhat.java-1.54.0-win32-x64\jre\21.0.10-win32-x86_64\bin\instrument.dll
Event: 0.129 Loaded shared library C:\Users\ASUS\.antigravity-ide\extensions\redhat.java-1.54.0-win32-x64\jre\21.0.10-win32-x86_64\bin\net.dll
Event: 0.133 Loaded shared library C:\Users\ASUS\.antigravity-ide\extensions\redhat.java-1.54.0-win32-x64\jre\21.0.10-win32-x86_64\bin\nio.dll
Event: 0.136 Loaded shared library C:\Users\ASUS\.antigravity-ide\extensions\redhat.java-1.54.0-win32-x64\jre\21.0.10-win32-x86_64\bin\zip.dll
Event: 0.161 Loaded shared library C:\Users\ASUS\.antigravity-ide\extensions\redhat.java-1.54.0-win32-x64\jre\21.0.10-win32-x86_64\bin\jimage.dll
Event: 0.255 Loaded shared library c:\Users\ASUS\.antigravity-ide\extensions\redhat.java-1.54.0-win32-x64\jre\21.0.10-win32-x86_64\bin\verify.dll

Deoptimization events (20 events):
Event: 1.235 Thread 0x000002992126f820 DEOPT PACKING pc=0x000002992bf89a34 sp=0x000000cec49fed70
Event: 1.235 Thread 0x000002992126f820 DEOPT UNPACKING pc=0x000002992b9f6da2 sp=0x000000cec49fecb8 mode 2
Event: 1.621 Thread 0x000002992126f820 Uncommon trap: trap_request=0xffffff45 fr.pc=0x000002992bf8a6f8 relative=0x0000000000000198
Event: 1.621 Thread 0x000002992126f820 Uncommon trap: reason=unstable_if action=reinterpret pc=0x000002992bf8a6f8 method=java.lang.invoke.VarHandle.checkAccessModeThenIsDirect(Ljava/lang/invoke/VarHandle$AccessDescriptor;)Z @ 4 c2
Event: 1.621 Thread 0x000002992126f820 DEOPT PACKING pc=0x000002992bf8a6f8 sp=0x000000cec49fed20
Event: 1.621 Thread 0x000002992126f820 DEOPT UNPACKING pc=0x000002992b9f6da2 sp=0x000000cec49fec78 mode 2
Event: 1.976 Thread 0x000002992126f820 Uncommon trap: trap_request=0xffffff45 fr.pc=0x000002992bfcc26c relative=0x00000000000001ac
Event: 1.976 Thread 0x000002992126f820 Uncommon trap: reason=unstable_if action=reinterpret pc=0x000002992bfcc26c method=java.io.BufferedInputStream.implRead()I @ 8 c2
Event: 1.976 Thread 0x000002992126f820 DEOPT PACKING pc=0x000002992bfcc26c sp=0x000000cec49fead0
Event: 1.976 Thread 0x000002992126f820 DEOPT UNPACKING pc=0x000002992b9f6da2 sp=0x000000cec49fe9f8 mode 2
Event: 1.978 Thread 0x000002992126f820 Uncommon trap: trap_request=0xffffff45 fr.pc=0x000002992bfcb4d0 relative=0x00000000000000b0
Event: 1.978 Thread 0x000002992126f820 Uncommon trap: reason=unstable_if action=reinterpret pc=0x000002992bfcb4d0 method=java.io.BufferedInputStream.implRead()I @ 8 c2
Event: 1.978 Thread 0x000002992126f820 DEOPT PACKING pc=0x000002992bfcb4d0 sp=0x000000cec49fe880
Event: 1.978 Thread 0x000002992126f820 DEOPT UNPACKING pc=0x000002992b9f6da2 sp=0x000000cec49fe810 mode 2
Event: 1.995 Thread 0x000002992126f820 Uncommon trap: trap_request=0xffffff45 fr.pc=0x000002992bf8e06c relative=0x000000000000102c
Event: 1.995 Thread 0x000002992126f820 Uncommon trap: reason=unstable_if action=reinterpret pc=0x000002992bf8e06c method=lombok.patcher.PatchScript.classMatches(Ljava/lang/String;Ljava/util/Collection;)Z @ 25 c2
Event: 1.995 Thread 0x000002992126f820 DEOPT PACKING pc=0x000002992bf8e06c sp=0x000000cec49f9050
Event: 1.995 Thread 0x000002992126f820 DEOPT UNPACKING pc=0x000002992b9f6da2 sp=0x000000cec49f8fa8 mode 2
Event: 2.017 Thread 0x000002992126f820 DEOPT PACKING pc=0x000002992451240d sp=0x000000cec49f8490
Event: 2.017 Thread 0x000002992126f820 DEOPT UNPACKING pc=0x000002992b9f78e2 sp=0x000000cec49f7940 mode 0

Classes loaded (20 events):
Event: 1.766 Loading class java/util/AbstractQueue done
Event: 1.766 Loading class java/util/concurrent/SynchronousQueue done
Event: 1.766 Loading class java/util/concurrent/SynchronousQueue$Transferer
Event: 1.766 Loading class java/util/concurrent/LinkedTransferQueue
Event: 1.766 Loading class java/util/concurrent/TransferQueue
Event: 1.766 Loading class java/util/concurrent/TransferQueue done
Event: 1.767 Loading class java/util/concurrent/LinkedTransferQueue done
Event: 1.767 Loading class java/util/concurrent/SynchronousQueue$Transferer done
Event: 1.767 Loading class java/util/concurrent/LinkedTransferQueue$DualNode
Event: 1.767 Loading class java/util/concurrent/LinkedTransferQueue$DualNode done
Event: 1.769 Loading class java/util/concurrent/RejectedExecutionHandler
Event: 1.769 Loading class java/util/concurrent/RejectedExecutionHandler done
Event: 1.769 Loading class java/util/concurrent/LinkedBlockingQueue
Event: 1.770 Loading class java/util/concurrent/LinkedBlockingQueue done
Event: 1.770 Loading class java/util/concurrent/LinkedBlockingQueue$Node
Event: 1.770 Loading class java/util/concurrent/LinkedBlockingQueue$Node done
Event: 1.876 Loading class java/util/concurrent/Semaphore$NonfairSync
Event: 1.876 Loading class java/util/concurrent/Semaphore$Sync
Event: 1.877 Loading class java/util/concurrent/Semaphore$Sync done
Event: 1.877 Loading class java/util/concurrent/Semaphore$NonfairSync done

Classes unloaded (0 events):
No events

Classes redefined (0 events):
No events

Internal exceptions (20 events):
Event: 0.687 Thread 0x000002992126f820 Exception <a 'java/io/FileNotFoundException'{0x00000000d64ca8a8}> (0x00000000d64ca8a8) 
thrown [s\src\hotspot\share\prims\jni.cpp, line 520]
Event: 0.687 Thread 0x000002992126f820 Exception <a 'java/io/FileNotFoundException'{0x00000000d64cb570}> (0x00000000d64cb570) 
thrown [s\src\hotspot\share\prims\jni.cpp, line 520]
Event: 0.688 Thread 0x000002992126f820 Exception <a 'java/io/FileNotFoundException'{0x00000000d64cc0f0}> (0x00000000d64cc0f0) 
thrown [s\src\hotspot\share\prims\jni.cpp, line 520]
Event: 0.694 Thread 0x000002992126f820 Implicit null exception at 0x000002992bf6ef24 to 0x000002992bf6f524
Event: 0.699 Thread 0x000002992126f820 Exception <a 'java/io/FileNotFoundException'{0x00000000d6504590}> (0x00000000d6504590) 
thrown [s\src\hotspot\share\prims\jni.cpp, line 520]
Event: 0.713 Thread 0x000002992126f820 Exception <a 'java/lang/NoSuchMethodError'{0x00000000d653df58}: 'java.lang.Object java.lang.invoke.DirectMethodHandle$Holder.invokeInterface(java.lang.Object, java.lang.Object)'> (0x00000000d653df58) 
thrown [s\src\hotspot\share\interpreter\linkResolver.cpp, line 773]
Event: 0.717 Thread 0x000002992126f820 Exception <a 'java/lang/NoSuchMethodError'{0x00000000d6551528}: 'java.lang.Object java.lang.invoke.Invokers$Holder.invokeExact_MT(java.lang.Object, java.lang.Object, java.lang.Object, java.lang.Object, java.lang.Object, java.lang.Object)'> (0x00000000d6551528) 
thrown [s\src\hotspot\share\interpreter\linkResolver.cpp, line 773]
Event: 0.731 Thread 0x000002992126f820 Exception <a 'java/lang/NoSuchMethodError'{0x00000000d6568600}: 'int java.lang.invoke.DirectMethodHandle$Holder.invokeStatic(java.lang.Object, java.lang.Object, java.lang.Object, java.lang.Object, java.lang.Object)'> (0x00000000d6568600) 
thrown [s\src\hotspot\share\interpreter\linkResolver.cpp, line 773]
Event: 0.775 Thread 0x000002992126f820 Exception <a 'java/lang/NoSuchMethodError'{0x00000000d65fcb00}: 'java.lang.Object java.lang.invoke.DirectMethodHandle$Holder.invokeInterface(java.lang.Object, java.lang.Object, int)'> (0x00000000d65fcb00) 
thrown [s\src\hotspot\share\interpreter\linkResolver.cpp, line 773]
Event: 1.041 Thread 0x000002992126f820 Exception <a 'java/lang/NoSuchMethodError'{0x00000000d6a65a58}: 'java.lang.ClassLoader java.lang.ClassLoader.getPlatformClassLoader(java.lang.Class)'> (0x00000000d6a65a58) 
thrown [s\src\hotspot\share\interpreter\linkResolver.cpp, line 773]
Event: 1.158 Thread 0x000002992126f820 Exception <a 'java/lang/ClassNotFoundException'{0x00000000d5585918}: sun/net/www/protocol/c/Handler> (0x00000000d5585918) 
thrown [s\src\hotspot\share\classfile\systemDictionary.cpp, line 312]
Event: 1.159 Thread 0x000002992126f820 Exception <a 'java/lang/ClassNotFoundException'{0x00000000d5586cb8}: sun/net/www/protocol/d/Handler> (0x00000000d5586cb8) 
thrown [s\src\hotspot\share\classfile\systemDictionary.cpp, line 312]
Event: 1.159 Thread 0x000002992126f820 Exception <a 'java/lang/ClassNotFoundException'{0x00000000d5587ea0}: sun/net/www/protocol/c/Handler> (0x00000000d5587ea0) 
thrown [s\src\hotspot\share\classfile\systemDictionary.cpp, line 312]
Event: 1.167 Thread 0x000002992126f820 Exception <a 'java/io/FileNotFoundException'{0x00000000d55b0c40}> (0x00000000d55b0c40) 
thrown [s\src\hotspot\share\prims\jni.cpp, line 520]
Event: 1.233 Thread 0x000002992126f820 Implicit null exception at 0x000002992bfa1f49 to 0x000002992bfa28d0
Event: 1.233 Thread 0x000002992126f820 Implicit null exception at 0x000002992bfa871a to 0x000002992bfa8928
Event: 1.233 Thread 0x000002992126f820 Exception <a 'java/lang/NoSuchMethodError'{0x00000000d56e2228}: 'void java.lang.invoke.DirectMethodHandle$Holder.invokeStatic(java.lang.Object, java.lang.Object, java.lang.Object, java.lang.Object)'> (0x00000000d56e2228) 
thrown [s\src\hotspot\share\interpreter\linkResolver.cpp, line 773]
Event: 1.234 Thread 0x000002992126f820 Implicit null exception at 0x000002992bfa4a3c to 0x000002992bfa4cc8
Event: 1.234 Thread 0x000002992126f820 Implicit null exception at 0x000002992bfa333d to 0x000002992bfa33c1
Event: 1.647 Thread 0x000002992126f820 Exception <a 'java/lang/NoSuchMethodError'{0x00000000d59a8120}: 'void java.lang.invoke.DirectMethodHandle$Holder.invokeSpecial(java.lang.Object, java.lang.Object, java.lang.Object)'> (0x00000000d59a8120) 
thrown [s\src\hotspot\share\interpreter\linkResolver.cpp, line 773]

ZGC Phase Switch (0 events):
No events

VM Operations (14 events):
Event: 0.089 Executing non-safepoint VM operation: HandshakeAllThreads (Deoptimize)
Event: 0.089 Executing non-safepoint VM operation: HandshakeAllThreads (Deoptimize) done
Event: 0.177 Executing non-safepoint VM operation: HandshakeAllThreads (Deoptimize)
Event: 0.177 Executing non-safepoint VM operation: HandshakeAllThreads (Deoptimize) done
Event: 0.582 Executing non-safepoint VM operation: HandshakeAllThreads (Deoptimize)
Event: 0.582 Executing non-safepoint VM operation: HandshakeAllThreads (Deoptimize) done
Event: 0.609 Executing non-safepoint VM operation: HandshakeAllThreads (Deoptimize)
Event: 0.609 Executing non-safepoint VM operation: HandshakeAllThreads (Deoptimize) done
Event: 1.110 Executing safepoint VM operation: ICBufferFull
Event: 1.110 Executing safepoint VM operation: ICBufferFull done
Event: 1.128 Executing non-safepoint VM operation: HandshakeAllThreads (Deoptimize)
Event: 1.129 Executing non-safepoint VM operation: HandshakeAllThreads (Deoptimize) done
Event: 1.149 Executing safepoint VM operation: ParallelGCFailedAllocation (Allocation Failure)
Event: 1.156 Executing safepoint VM operation: ParallelGCFailedAllocation (Allocation Failure) done

Memory protections (0 events):
No events

Nmethod flushes (0 events):
No events

Events (17 events):
Event: 0.047 Thread 0x000002992126f820 Thread added: 0x000002992126f820
Event: 0.061 Thread 0x000002992126f820 Thread added: 0x00000299213133c0
Event: 0.061 Thread 0x000002992126f820 Thread added: 0x000002992121d890
Event: 0.061 Thread 0x000002992126f820 Thread added: 0x0000029921318ad0
Event: 0.062 Thread 0x000002992126f820 Thread added: 0x0000029921319530
Event: 0.062 Thread 0x000002992126f820 Thread added: 0x000002992131d160
Event: 0.062 Thread 0x000002992126f820 Thread added: 0x00000299213244d0
Event: 0.062 Thread 0x000002992126f820 Thread added: 0x000002992132e1f0
Event: 0.062 Thread 0x000002992126f820 Thread added: 0x000002997a034d90
Event: 0.117 Thread 0x000002992126f820 Thread added: 0x000002997a1c64a0
Event: 0.251 Thread 0x000002997a034d90 Thread added: 0x000002997a037670
Event: 0.373 Thread 0x000002992126f820 Thread added: 0x000002997a399060
Event: 0.511 Thread 0x000002997a034d90 Thread added: 0x000002997a033ff0
Event: 0.874 Thread 0x000002997a033ff0 Thread exited: 0x000002997a033ff0
Event: 1.597 Thread 0x000002997a037670 Thread exited: 0x000002997a037670
Event: 1.911 Thread 0x000002997a034d90 Thread added: 0x000002997a035460
Event: 1.913 Thread 0x000002997a035460 Thread added: 0x000002997a037670


Dynamic libraries:
0x00007ff7bcee0000 - 0x00007ff7bceee000 	c:\Users\ASUS\.antigravity-ide\extensions\redhat.java-1.54.0-win32-x64\jre\21.0.10-win32-x86_64\bin\java.exe
0x00007ffefcee0000 - 0x00007ffefd147000 	C:\WINDOWS\SYSTEM32\ntdll.dll
0x00007ffefc9e0000 - 0x00007ffefcaa9000 	C:\WINDOWS\System32\KERNEL32.DLL
0x00007ffef9bb0000 - 0x00007ffef9fa7000 	C:\WINDOWS\System32\KERNELBASE.dll
0x00007ffefa990000 - 0x00007ffefaadb000 	C:\WINDOWS\System32\ucrtbase.dll
0x00007ffe7a570000 - 0x00007ffe7a588000 	c:\Users\ASUS\.antigravity-ide\extensions\redhat.java-1.54.0-win32-x64\jre\21.0.10-win32-x86_64\bin\jli.dll
0x00007ffedbbc0000 - 0x00007ffedbbde000 	c:\Users\ASUS\.antigravity-ide\extensions\redhat.java-1.54.0-win32-x64\jre\21.0.10-win32-x86_64\bin\VCRUNTIME140.dll
0x00007ffefad90000 - 0x00007ffefaf56000 	C:\WINDOWS\System32\USER32.dll
0x00007ffef9910000 - 0x00007ffef9937000 	C:\WINDOWS\System32\win32u.dll
0x00007ffeded50000 - 0x00007ffedefe2000 	C:\WINDOWS\WinSxS\amd64_microsoft.windows.common-controls_6595b64144ccf1df_6.0.26100.8457_none_3e0b2faee331e92d\COMCTL32.dll
0x00007ffefac60000 - 0x00007ffefac8b000 	C:\WINDOWS\System32\GDI32.dll
0x00007ffefcbd0000 - 0x00007ffefcc79000 	C:\WINDOWS\System32\msvcrt.dll
0x00007ffef99d0000 - 0x00007ffef9afc000 	C:\WINDOWS\System32\gdi32full.dll
0x00007ffef9b00000 - 0x00007ffef9ba3000 	C:\WINDOWS\System32\msvcp_win.dll
0x00007ffefc9a0000 - 0x00007ffefc9d2000 	C:\WINDOWS\System32\IMM32.DLL
0x00007ffee6690000 - 0x00007ffee669c000 	c:\Users\ASUS\.antigravity-ide\extensions\redhat.java-1.54.0-win32-x64\jre\21.0.10-win32-x86_64\bin\vcruntime140_1.dll
0x00007ffe780c0000 - 0x00007ffe7814d000 	c:\Users\ASUS\.antigravity-ide\extensions\redhat.java-1.54.0-win32-x64\jre\21.0.10-win32-x86_64\bin\msvcp140.dll
0x00007ffe6e990000 - 0x00007ffe6f731000 	c:\Users\ASUS\.antigravity-ide\extensions\redhat.java-1.54.0-win32-x64\jre\21.0.10-win32-x86_64\bin\server\jvm.dll
0x00007ffefaf70000 - 0x00007ffefb026000 	C:\WINDOWS\System32\ADVAPI32.dll
0x00007ffefcd30000 - 0x00007ffefcdd7000 	C:\WINDOWS\System32\sechost.dll
0x00007ffefcab0000 - 0x00007ffefcbc8000 	C:\WINDOWS\System32\RPCRT4.dll
0x00007ffefb8e0000 - 0x00007ffefb960000 	C:\WINDOWS\System32\WS2_32.dll
0x00007ffef84f0000 - 0x00007ffef854e000 	C:\WINDOWS\SYSTEM32\POWRPROF.dll
0x00007ffeecc10000 - 0x00007ffeecc46000 	C:\WINDOWS\SYSTEM32\WINMM.dll
0x00007ffeef1c0000 - 0x00007ffeef1cb000 	C:\WINDOWS\SYSTEM32\VERSION.dll
0x00007ffef84d0000 - 0x00007ffef84e4000 	C:\WINDOWS\SYSTEM32\UMPDC.dll
0x00007ffef87c0000 - 0x00007ffef87db000 	C:\WINDOWS\SYSTEM32\kernel.appcore.dll
0x00007ffee5740000 - 0x00007ffee574a000 	c:\Users\ASUS\.antigravity-ide\extensions\redhat.java-1.54.0-win32-x64\jre\21.0.10-win32-x86_64\bin\jimage.dll
0x00007ffef7380000 - 0x00007ffef75c2000 	C:\WINDOWS\SYSTEM32\DBGHELP.DLL
0x00007ffefb0b0000 - 0x00007ffefb433000 	C:\WINDOWS\System32\combase.dll
0x00007ffefc470000 - 0x00007ffefc549000 	C:\WINDOWS\System32\OLEAUT32.dll
0x00007ffece5b0000 - 0x00007ffece5eb000 	C:\WINDOWS\SYSTEM32\dbgcore.DLL
0x00007ffefa820000 - 0x00007ffefa8c8000 	C:\WINDOWS\System32\bcryptPrimitives.dll
0x00007ffed76b0000 - 0x00007ffed76bf000 	c:\Users\ASUS\.antigravity-ide\extensions\redhat.java-1.54.0-win32-x64\jre\21.0.10-win32-x86_64\bin\instrument.dll
0x00007ffe77fd0000 - 0x00007ffe77ff0000 	c:\Users\ASUS\.antigravity-ide\extensions\redhat.java-1.54.0-win32-x64\jre\21.0.10-win32-x86_64\bin\java.dll
0x00007ffefbc20000 - 0x00007ffefc38e000 	C:\WINDOWS\System32\SHELL32.dll
0x00007ffef9fb0000 - 0x00007ffefa81c000 	C:\WINDOWS\System32\windows.storage.dll
0x00007ffefb9c0000 - 0x00007ffefbab6000 	C:\WINDOWS\System32\SHCORE.dll
0x00007ffefc400000 - 0x00007ffefc466000 	C:\WINDOWS\System32\shlwapi.dll
0x00007ffef9830000 - 0x00007ffef9859000 	C:\WINDOWS\SYSTEM32\profapi.dll
0x00007ffe6d910000 - 0x00007ffe6d928000 	c:\Users\ASUS\.antigravity-ide\extensions\redhat.java-1.54.0-win32-x64\jre\21.0.10-win32-x86_64\bin\zip.dll
0x00007ffecd530000 - 0x00007ffecd540000 	C:\Users\ASUS\.antigravity-ide\extensions\redhat.java-1.54.0-win32-x64\jre\21.0.10-win32-x86_64\bin\net.dll
0x00007ffef09e0000 - 0x00007ffef0b09000 	C:\WINDOWS\SYSTEM32\WINHTTP.dll
0x00007ffef8d30000 - 0x00007ffef8d9c000 	C:\WINDOWS\system32\mswsock.dll
0x00007ffe6d8f0000 - 0x00007ffe6d906000 	C:\Users\ASUS\.antigravity-ide\extensions\redhat.java-1.54.0-win32-x64\jre\21.0.10-win32-x86_64\bin\nio.dll
0x00007ffec3ce0000 - 0x00007ffec3cf0000 	c:\Users\ASUS\.antigravity-ide\extensions\redhat.java-1.54.0-win32-x64\jre\21.0.10-win32-x86_64\bin\verify.dll

JVMTI agents:
c:\Users\ASUS\.antigravity-ide\extensions\redhat.java-1.54.0-win32-x64\lombok\lombok-1.18.39-4050.jar path:c:\Users\ASUS\.antigravity-ide\extensions\redhat.java-1.54.0-win32-x64\jre\21.0.10-win32-x86_64\bin\instrument.dll, loaded, initialized, instrumentlib options:none

dbghelp: loaded successfully - version: 4.0.5 - missing functions: none
symbol engine: initialized successfully - sym options: 0x614 - pdb path: .;c:\Users\ASUS\.antigravity-ide\extensions\redhat.java-1.54.0-win32-x64\jre\21.0.10-win32-x86_64\bin;C:\WINDOWS\SYSTEM32;C:\WINDOWS\WinSxS\amd64_microsoft.windows.common-controls_6595b64144ccf1df_6.0.26100.8457_none_3e0b2faee331e92d;c:\Users\ASUS\.antigravity-ide\extensions\redhat.java-1.54.0-win32-x64\jre\21.0.10-win32-x86_64\bin\server

VM Arguments:
jvm_args: --add-modules=ALL-SYSTEM --add-opens=java.base/java.util=ALL-UNNAMED --add-opens=java.base/java.lang=ALL-UNNAMED --add-opens=java.base/sun.nio.fs=ALL-UNNAMED -Declipse.application=org.eclipse.jdt.ls.core.id1 -Dosgi.bundles.defaultStartLevel=4 -Declipse.product=org.eclipse.jdt.ls.core.product -Djava.import.generatesMetadataFilesAtProjectRoot=false -DDetectVMInstallationsJob.disabled=true -Dfile.encoding=utf8 -XX:+UseParallelGC -XX:GCTimeRatio=4 -XX:AdaptiveSizePolicyWeight=90 -Dsun.zip.disableMemoryMapping=true -Xmx2G -Xms100m -Xlog:disable -javaagent:c:\Users\ASUS\.antigravity-ide\extensions\redhat.java-1.54.0-win32-x64\lombok\lombok-1.18.39-4050.jar 
java_command: c:\Users\ASUS\.antigravity-ide\extensions\redhat.java-1.54.0-win32-x64\server\plugins\org.eclipse.equinox.launcher_1.7.100.v20251111-0406.jar -configuration c:\Users\ASUS\AppData\Roaming\Antigravity IDE\User\globalStorage\redhat.java\1.54.0\config_ss_win -data c:\Users\ASUS\AppData\Roaming\Antigravity IDE\User\workspaceStorage\ca9e3b30595b283cc7b8fcc8f79914b2\redhat.java\ss_ws --pipe=\\.\pipe\lsp-203aab1f506e52f78b42e3a47f80fc2c-sock
java_class_path (initial): c:\Users\ASUS\.antigravity-ide\extensions\redhat.java-1.54.0-win32-x64\server\plugins\org.eclipse.equinox.launcher_1.7.100.v20251111-0406.jar
Launcher Type: SUN_STANDARD

[Global flags]
    uintx AdaptiveSizePolicyWeight                 = 90                                        {product} {command line}
     intx CICompilerCount                          = 4                                         {product} {ergonomic}
    uintx GCTimeRatio                              = 4                                         {product} {command line}
   size_t InitialHeapSize                          = 104857600                                 {product} {command line}
   size_t MaxHeapSize                              = 2147483648                                {product} {command line}
   size_t MaxNewSize                               = 715653120                                 {product} {ergonomic}
   size_t MinHeapDeltaBytes                        = 524288                                    {product} {ergonomic}
   size_t MinHeapSize                              = 104857600                                 {product} {command line}
   size_t NewSize                                  = 34603008                                  {product} {ergonomic}
    uintx NonNMethodCodeHeapSize                   = 5839372                                {pd product} {ergonomic}
    uintx NonProfiledCodeHeapSize                  = 122909434                              {pd product} {ergonomic}
   size_t OldSize                                  = 70254592                                  {product} {ergonomic}
    uintx ProfiledCodeHeapSize                     = 122909434                              {pd product} {ergonomic}
    uintx ReservedCodeCacheSize                    = 251658240                              {pd product} {ergonomic}
     bool SegmentedCodeCache                       = true                                      {product} {ergonomic}
   size_t SoftMaxHeapSize                          = 2147483648                             {manageable} {ergonomic}
     bool UseCompressedOops                        = true                           {product lp64_product} {ergonomic}
     bool UseLargePagesIndividualAllocation        = false                                  {pd product} {ergonomic}
     bool UseParallelGC                            = true                                      {product} {command line}

Logging:
Log output configuration:
 #0: stdout all=off uptime,level,tags foldmultilines=false
 #1: stderr all=off uptime,level,tags foldmultilines=false

Release file:
JAVA_VERSION="21.0.10" 
MODULES="java.base java.compiler java.datatransfer java.xml java.prefs java.desktop java.instrument java.logging java.management java.security.sasl java.naming java.rmi java.management.rmi java.net.http java.scripting java.security.jgss java.transaction.xa java.sql java.sql.rowset java.xml.crypto java.se java.smartcardio jdk.accessibility jdk.internal.jvmstat jdk.attach jdk.charsets jdk.internal.opt jdk.zipfs jdk.compiler jdk.crypto.ec jdk.crypto.cryptoki jdk.crypto.mscapi jdk.dynalink jdk.internal.ed jdk.editpad jdk.hotspot.agent jdk.httpserver jdk.internal.le jdk.internal.vm.ci jdk.internal.vm.compiler jdk.internal.vm.compiler.management jdk.jartool jdk.javadoc jdk.jcmd jdk.management jdk.management.agent jdk.jconsole jdk.jdeps jdk.jdwp.agent jdk.jdi jdk.jfr jdk.jshell jdk.jsobject jdk.jstatd jdk.localedata jdk.management.jfr jdk.naming.dns jdk.naming.rmi jdk.net jdk.nio.mapmode jdk.random jdk.sctp jdk.security.auth jdk.security.jgss jdk.unsupported jdk.unsupported.desktop jdk.xml.dom" 

Environment Variables:
JAVA_HOME=C:\Program Files\Java\jdk-23
PATH=C:\Program Files\Java\jdk-23\bin;C:\Program Files\Common Files\Oracle\Java\javapath;C:\Program Files (x86)\Common Files\Oracle\Java\javapath;C:\WINDOWS\system32;C:\WINDOWS;C:\WINDOWS\System32\Wbem;C:\WINDOWS\System32\WindowsPowerShell\v1.0\;C:\WINDOWS\System32\OpenSSH\;C:\Program Files (x86)\NVIDIA Corporation\PhysX\Common;C:\Program Files (x86)\Windows Kits\10\Windows Performance Toolkit\;C:\Program Files\dotnet\;C:\Program Files\NVIDIA Corporation\NVIDIA app\NvDLISR;C:\WINDOWS\system32;C:\WINDOWS;C:\WINDOWS\System32\Wbem;C:\WINDOWS\System32\WindowsPowerShell\v1.0\;C:\WINDOWS\System32\OpenSSH\;C:\Program Files\Microsoft SQL Server\150\Tools\Binn\;C:\Program Files\Microsoft SQL Server\Client SDK\ODBC\170\Tools\Binn\;C:\Program Files\Cloudflare\Cloudflare WARP\;C:\apache-maven-3.9.14\bin;C:\Program Files\Docker\Docker\resources\bin;C:\Users\ASUS\.speedscale;D:\Download\Git\cmd;C:\Users\ASUS\AppData\Roaming\nvm;C:\Program Files\nodejs;C:\Program Files\Java\jdk-23\bin;C:\Users\ASUS\AppData\Local\Programs\Python\Python313\Scripts\;C:\Users\ASUS\AppData\Local\Programs\Python\Python313\;C:\Users\ASUS\AppData\Local\Microsoft\WindowsApps;C:\Users\ASUS\AppData\Local\Programs\Microsoft VS Code\bin;C:\Users\ASUS\AppData\Local\Android\Sdk;D:\SDK\flutter\bin;C:\msys64_update\ucrt64\bin;C:\Program Files\Java\jdk-22\bin;C:\Users\ASUS\.lmstudio\bin;C:\Users\ASUS\AppData\Roaming\npm;C:\Users\ASUS\.dotnet\tools;C:\Program Files\JetBrains\IntelliJ IDEA Community Edition 2025.2.2\bin;C:\Users\ASUS\AppData\Local\Programs\MiKTeX\miktex\bin\x64\;C:\Users\ASUS\AppData\Local\Programs\Windsurf\bin;C:\Users\ASUS\AppData\Roaming\nvm;C:\Program Files\nodejs;C:\Users\ASUS\AppData\Local\Programs\Antigravity IDE\bin
USERNAME=ASUS
OS=Windows_NT
PROCESSOR_IDENTIFIER=Intel64 Family 6 Model 141 Stepping 1, GenuineIntel
TMP=C:\Users\ASUS\AppData\Local\Temp
TEMP=C:\Users\ASUS\AppData\Local\Temp




Periodic native trim disabled

---------------  S Y S T E M  ---------------

OS:
 Windows 11 , 64 bit Build 26100 (10.0.26100.8328)
OS uptime: 0 days 3:04 hours
Hyper-V role detected

CPU: total 12 (initial active 12) (6 cores per cpu, 2 threads per core) family 6 model 141 stepping 1 microcode 0x34, cx8, cmov, fxsr, ht, mmx, 3dnowpref, sse, sse2, sse3, ssse3, sse4.1, sse4.2, popcnt, lzcnt, tsc, tscinvbit, avx, avx2, aes, erms, clmul, bmi1, bmi2, adx, avx512f, avx512dq, avx512cd, avx512bw, avx512vl, sha, fma, vzeroupper, avx512_vpopcntdq, avx512_vpclmulqdq, avx512_vaes, avx512_vnni, clflush, clflushopt, clwb, avx512_vbmi2, avx512_vbmi, hv, rdtscp, rdpid, fsrm, gfni, avx512_bitalg, f16c, cet_ibt, cet_ss, avx512_ifma
Processor Information for the first 12 processors :
  Max Mhz: 2688, Current Mhz: 2688, Mhz Limit: 2688

Memory: 4k page, system-wide physical 16106M (1149M free)
TotalPageFile size 29599M (AvailPageFile size 1M)
current process WorkingSet (physical memory assigned to process): 86M, peak: 86M
current process commit charge ("private bytes"): 243M, peak: 244M

vm_info: OpenJDK 64-Bit Server VM (21.0.10+7-LTS) for windows-amd64 JRE (21.0.10+7-LTS), built on 2026-01-20T00:00:00Z by "admin" with MS VC++ 17.12 (VS2022)

END.
